Error: Trying to call function that does not exist
