Error: OPCODE 'REF' destination can not be value typed
