Error: Please provide <path to binary file> as command line argument
