Error: Program counter value is out of scope of instructions Func 0, PC 4
