Error: Program has entered infinite loop within function. Func 0
