Error: Function can not have 0 number of instructions
