Error: Entry point of program can not be found, please provide a function with the label 0
