Error: There is more than one function with the label 0
