Error: OPCODE 'MOV' destination can not be value typed
